 TOKEN TOP                                                 20:32:14 · refresh 2s

 BURN     1m 0    5m 0    15m 0    TODAY 0
 ACTIVE   0 burning    0 recent     0 quiet hidden

 CLAUDE —  0  0%    CODEX —  0  0%    GROK —  0  0%
 ░░░░░░░░░░░░░░░░░░░░░░░░░░░░░░░░░░░░░░░░░░░░░░░░

 S  HARNESS  MODEL           PROJECT                 1M        5M     TOTAL   C…
 trailing completed usage · 0 quiet hidden · q quit
