 TOKEN TOP

 TODAY  0 processed
 INPUT  0
 OUTPUT 0

 RECENT       5M 0 · 0       15M 0 · 0

 HARNESS  TODAY SHARE                                            TODAY       15M
 CLAUDE                                                   0%         0         0
 CODEX                                                    0%         0         0
 GROK                                                     0%         0         0

 PROJECT                                      HARNESS     TODAY       15M   LAST
 q quit
