 TOKEN TOP

 TODAY  18400M processed
 INPUT  17200M = 13416M cached + 3784M uncached · 78.0% cached
 OUTPUT 1200M

 RECENT       5M 1105M · 221K/m       15M 2850M · 190K/m

 HARNESS  TODAY SHARE                                                 TODAY       15M
 CLAUDE   █████████████░░░░░░░░░░░░░░░░░░░░░░░░░░░░░░░░░░░  27.2%     5000M        1M
 CODEX    ████████████████████████████████░░░░░░░░░░░░░░░░  66.8%    12300M      1.8M
 GROK     ███░░░░░░░░░░░░░░░░░░░░░░░░░░░░░░░░░░░░░░░░░░░░░   6.0%     1100M       50K

 PROJECT                                                          HARNESS     TODAY       15M   LAST
 acme                                                             codex      12300M      1.8M     2s
 payments                                                         claude         5M        1M     5s
 website                                                          grok         1.1M       50K    54s
 q quit
