 TOKEN TOP                                       20:32:14 · refresh 2s

 BURN     1m 337k/m    5m 221k/m    15m 190k/m    TODAY 18.4M
 ACTIVE   2 burning    1 recent     6 quiet hidden

 CLAUDE ✓  92k/m  27%    CODEX ✓  245k/m  73%    GROK ✓  0  0%
 ███████████████████████████████████████████████░

 S  H    PROJECT             1M     TOTAL   LAST
 ●  cdx  acme            184k/m      4.2M     2s
 ●  cld  payments         92k/m      2.7M     5s
 ·  grk  website              0      1.1M    54s
 trailing completed usage · 6 quiet hidden · q quit
