 TOKEN TOP

 TODAY  18.4M processed
 INPUT  17.2M = 13.4M cached + 3.8M uncached · 78.0% cached
 OUTPUT 1.2M

 RECENT       5M 1.1M · 221K/m       15M 2.9M · 190K/m

 HARNESS  TODAY SHARE                                                 TODAY       15M
 CODEX    ████████████████████████████████████████████████   100%     18.4M      2.9M

 PROJECT                                                          HARNESS     TODAY       15M   LAST
 acme                                                             codex       18.4M      2.9M     2s
 q quit
