 TOKEN TOP                                                                     20:32:14 · refresh 2s

 BURN     1m 337k/m    5m 221k/m    15m 190k/m    TODAY 18.4M
 ACTIVE   1 burning    0 recent     6 quiet hidden

 CODEX ✓  245k/m  100%
 ████████████████████████████████████████████████

 S  HARNESS  MODEL           PROJECT                 1M        5M     TOTAL   CACHE   LAST
 ●  codex    gpt-5.6-sol     FounderOS           184k/m    121k/m      4.2M     78%     2s
 trailing completed usage · 6 quiet hidden · q quit
